#
# There is insufficient memory for the Java Runtime Environment to continue.
# Native memory allocation (malloc) failed to allocate 1300016 bytes. Error detail: Chunk::new
# Possible reasons:
#   The system is out of physical RAM or swap space
#   This process is running with CompressedOops enabled, and the Java Heap may be blocking the growth of the native heap
# Possible solutions:
#   Reduce memory load on the system
#   Increase physical memory or swap space
#   Check if swap backing store is full
#   Decrease Java heap size (-Xmx/-Xms)
#   Decrease number of Java threads
#   Decrease Java thread stack sizes (-Xss)
#   Set larger code cache with -XX:ReservedCodeCacheSize=
#   JVM is running with Unscaled Compressed Oops mode in which the Java heap is
#     placed in the first 4GB address space. The Java Heap base address is the
#     maximum limit for the native heap growth. Please use -XX:HeapBaseMinAddress
#     to set the Java Heap base and to place the Java Heap above 4GB virtual address.
# This output file may be truncated or incomplete.
#
#  Out of Memory Error (arena.cpp:168), pid=21884, tid=452
#
# JRE version: OpenJDK Runtime Environment Temurin-21.0.10+7 (21.0.10+7) (build 21.0.10+7-LTS)
# Java VM: OpenJDK 64-Bit Server VM Temurin-21.0.10+7 (21.0.10+7-LTS, mixed mode, sharing, tiered, compressed oops, compressed class ptrs, parallel gc, windows-amd64)
# No core dump will be written. Minidumps are not enabled by default on client versions of Windows
#

---------------  S U M M A R Y ------------

Command Line: --add-modules=ALL-SYSTEM --add-opens=java.base/java.util=ALL-UNNAMED --add-opens=java.base/java.lang=ALL-UNNAMED --add-opens=java.base/sun.nio.fs=ALL-UNNAMED -Declipse.application=org.eclipse.jdt.ls.core.id1 -Dosgi.bundles.defaultStartLevel=4 -Declipse.product=org.eclipse.jdt.ls.core.product -Djava.import.generatesMetadataFilesAtProjectRoot=false -DDetectVMInstallationsJob.disabled=true -Dfile.encoding=utf8 -XX:+UseParallelGC -XX:GCTimeRatio=4 -XX:AdaptiveSizePolicyWeight=90 -Dsun.zip.disableMemoryMapping=true -Xmx2G -Xms100m -Xlog:disable -javaagent:c:\Users\MSI20\.vscode\extensions\redhat.java-1.53.0-win32-x64\lombok\lombok-1.18.39-4050.jar -XX:+HeapDumpOnOutOfMemoryError -XX:HeapDumpPath=c:\Users\MSI20\AppData\Roaming\Code\User\workspaceStorage\0ec9ea45e2989f148f0fc5d08dbc5da3\redhat.java -Daether.dependencyCollector.impl=bf c:\Users\MSI20\.vscode\extensions\redhat.java-1.53.0-win32-x64\server\plugins\org.eclipse.equinox.launcher_1.7.100.v20251111-0406.jar -configuration c:\Users\MSI20\AppData\Roaming\Code\User\globalStorage\redhat.java\1.53.0\config_win -data c:\Users\MSI20\AppData\Roaming\Code\User\workspaceStorage\0ec9ea45e2989f148f0fc5d08dbc5da3\redhat.java\jdt_ws --pipe=\\.\pipe\lsp-009edbe47373bcea36b5fa8558b2f19c-sock

Host: 11th Gen Intel(R) Core(TM) i5-11400H @ 2.70GHz, 12 cores, 7G,  Windows 11 , 64 bit Build 26100 (10.0.26100.7920)
Time: Thu Apr  2 16:06:04 2026 Sri Lanka Standard Time elapsed time: 677.903973 seconds (0d 0h 11m 17s)

---------------  T H R E A D  ---------------

Current thread (0x00000209746390d0):  JavaThread "C2 CompilerThread1" daemon [_thread_in_native, id=452, stack(0x000000cf87f00000,0x000000cf88000000) (1024K)]


Current CompileTask:
C2:677904 16724 %     4       org.eclipse.jdt.internal.compiler.classfmt.ModuleInfo::readModuleAttribute @ 491 (1166 bytes)

Stack: [0x000000cf87f00000,0x000000cf88000000]
Native frames: (J=compiled Java code, j=interpreted, Vv=VM code, C=native code)
V  [jvm.dll+0x6d7a39]
V  [jvm.dll+0x8b4b26]
V  [jvm.dll+0x8b70de]
V  [jvm.dll+0x8b77c3]
V  [jvm.dll+0x284346]
V  [jvm.dll+0xc66ed]
V  [jvm.dll+0xc6c31]
V  [jvm.dll+0x3bec01]
V  [jvm.dll+0x38b162]
V  [jvm.dll+0x38a5aa]
V  [jvm.dll+0x24c560]
V  [jvm.dll+0x24bb40]
V  [jvm.dll+0x1cb34e]
V  [jvm.dll+0x25b85d]
V  [jvm.dll+0x259dea]
V  [jvm.dll+0x3f857e]
V  [jvm.dll+0x85f59d]
V  [jvm.dll+0x6d626d]
C  [ucrtbase.dll+0x37b0]
C  [KERNEL32.DLL+0x2e8d7]
C  [ntdll.dll+0x8c48c]


---------------  P R O C E S S  ---------------

Threads class SMR info:
_java_thread_list=0x0000020974554d90, length=55, elements={
0x00000209548a93f0, 0x000002095495d940, 0x000002096b33d7b0, 0x000002096b341d30,
0x000002096b342990, 0x000002096b345500, 0x000002096b348370, 0x000002096c6a88c0,
0x000002096c6ae970, 0x000002096c852330, 0x000002096c8c3a20, 0x000002096d8069f0,
0x00000209721b9570, 0x000002096d6fb9b0, 0x000002096c787080, 0x0000020972069260,
0x000002096d7e0050, 0x000002097255daf0, 0x00000209724af820, 0x00000209724b1f80,
0x00000209724b2610, 0x00000209724afeb0, 0x00000209722aa6b0, 0x00000209722ac0f0,
0x00000209722aad40, 0x00000209722ab3d0, 0x00000209722aa020, 0x00000209722ae850,
0x00000209722ad4a0, 0x00000209722adb30, 0x00000209722ae1c0, 0x00000209722ac780,
0x00000209722aeee0, 0x00000209722ace10, 0x00000209722aba60, 0x00000209722af570,
0x00000209722afc00, 0x00000209722b0fb0, 0x0000020975571df0, 0x0000020974c3f120,
0x0000020974c3d6e0, 0x00000209722b1640, 0x00000209724b0540, 0x00000209724af190,
0x00000209724b0bd0, 0x00000209724b18f0, 0x00000209746390d0, 0x000002097556f690,
0x000002097556cf30, 0x000002097556c210, 0x000002097556e970, 0x000002097556f000,
0x000002097556fd20, 0x00000209755703b0, 0x0000020974636ec0
}

Java Threads: ( => current thread )
  0x00000209548a93f0 JavaThread "main"                              [_thread_blocked, id=26060, stack(0x000000cf88200000,0x000000cf88300000) (1024K)]
  0x000002095495d940 JavaThread "Reference Handler"          daemon [_thread_blocked, id=19484, stack(0x000000cf88600000,0x000000cf88700000) (1024K)]
  0x000002096b33d7b0 JavaThread "Finalizer"                  daemon [_thread_blocked, id=22812, stack(0x000000cf88700000,0x000000cf88800000) (1024K)]
  0x000002096b341d30 JavaThread "Signal Dispatcher"          daemon [_thread_blocked, id=17644, stack(0x000000cf88800000,0x000000cf88900000) (1024K)]
  0x000002096b342990 JavaThread "Attach Listener"            daemon [_thread_blocked, id=18272, stack(0x000000cf88900000,0x000000cf88a00000) (1024K)]
  0x000002096b345500 JavaThread "Service Thread"             daemon [_thread_blocked, id=12796, stack(0x000000cf88a00000,0x000000cf88b00000) (1024K)]
  0x000002096b348370 JavaThread "Monitor Deflation Thread"   daemon [_thread_blocked, id=352, stack(0x000000cf88b00000,0x000000cf88c00000) (1024K)]
  0x000002096c6a88c0 JavaThread "C2 CompilerThread0"         daemon [_thread_in_native, id=26952, stack(0x000000cf88c00000,0x000000cf88d00000) (1024K)]
  0x000002096c6ae970 JavaThread "C1 CompilerThread0"         daemon [_thread_blocked, id=6624, stack(0x000000cf88d00000,0x000000cf88e00000) (1024K)]
  0x000002096c852330 JavaThread "Common-Cleaner"             daemon [_thread_blocked, id=25132, stack(0x000000cf88e00000,0x000000cf88f00000) (1024K)]
  0x000002096c8c3a20 JavaThread "Notification Thread"        daemon [_thread_blocked, id=28440, stack(0x000000cf89000000,0x000000cf89100000) (1024K)]
  0x000002096d8069f0 JavaThread "Active Thread: Equinox Container: 12054a24-d8ed-40f9-a4c7-ee42bca1830d"        [_thread_blocked, id=10552, stack(0x000000cf89700000,0x000000cf89800000) (1024K)]
  0x00000209721b9570 JavaThread "Refresh Thread: Equinox Container: 12054a24-d8ed-40f9-a4c7-ee42bca1830d" daemon [_thread_blocked, id=28404, stack(0x000000cf89800000,0x000000cf89900000) (1024K)]
  0x000002096d6fb9b0 JavaThread "Framework Event Dispatcher: Equinox Container: 12054a24-d8ed-40f9-a4c7-ee42bca1830d" daemon [_thread_blocked, id=3272, stack(0x000000cf89900000,0x000000cf89a00000) (1024K)]
  0x000002096c787080 JavaThread "Start Level: Equinox Container: 12054a24-d8ed-40f9-a4c7-ee42bca1830d" daemon [_thread_blocked, id=15848, stack(0x000000cf89a00000,0x000000cf89b00000) (1024K)]
  0x0000020972069260 JavaThread "Bundle File Closer"         daemon [_thread_blocked, id=28348, stack(0x000000cf89d00000,0x000000cf89e00000) (1024K)]
  0x000002096d7e0050 JavaThread "SCR Component Actor"        daemon [_thread_blocked, id=9680, stack(0x000000cf89e00000,0x000000cf89f00000) (1024K)]
  0x000002097255daf0 JavaThread "Worker-JM"                         [_thread_blocked, id=18388, stack(0x000000cf89f00000,0x000000cf8a000000) (1024K)]
  0x00000209724af820 JavaThread "JNA Cleaner"                daemon [_thread_blocked, id=3076, stack(0x000000cf8a000000,0x000000cf8a100000) (1024K)]
  0x00000209724b1f80 JavaThread "Worker-1"                          [_thread_blocked, id=24956, stack(0x000000cf8a200000,0x000000cf8a300000) (1024K)]
  0x00000209724b2610 JavaThread "Java indexing"              daemon [_thread_blocked, id=9992, stack(0x000000cf8a500000,0x000000cf8a600000) (1024K)]
  0x00000209724afeb0 JavaThread "Worker-5"                          [_thread_blocked, id=28380, stack(0x000000cf8aa00000,0x000000cf8ab00000) (1024K)]
  0x00000209722aa6b0 JavaThread "Thread-1"                   daemon [_thread_in_native, id=24304, stack(0x000000cf8ab00000,0x000000cf8ac00000) (1024K)]
  0x00000209722ac0f0 JavaThread "Thread-2"                   daemon [_thread_in_native, id=3248, stack(0x000000cf8ac00000,0x000000cf8ad00000) (1024K)]
  0x00000209722aad40 JavaThread "Thread-3"                   daemon [_thread_in_native, id=21624, stack(0x000000cf8ad00000,0x000000cf8ae00000) (1024K)]
  0x00000209722ab3d0 JavaThread "Thread-4"                   daemon [_thread_in_native, id=23736, stack(0x000000cf8ae00000,0x000000cf8af00000) (1024K)]
  0x00000209722aa020 JavaThread "Thread-5"                   daemon [_thread_in_native, id=7416, stack(0x000000cf8af00000,0x000000cf8b000000) (1024K)]
  0x00000209722ae850 JavaThread "Thread-6"                   daemon [_thread_in_native, id=19588, stack(0x000000cf8b000000,0x000000cf8b100000) (1024K)]
  0x00000209722ad4a0 JavaThread "Thread-7"                   daemon [_thread_in_native, id=12740, stack(0x000000cf8b100000,0x000000cf8b200000) (1024K)]
  0x00000209722adb30 JavaThread "Thread-8"                   daemon [_thread_in_native, id=26368, stack(0x000000cf8b200000,0x000000cf8b300000) (1024K)]
  0x00000209722ae1c0 JavaThread "Thread-9"                   daemon [_thread_in_native, id=3168, stack(0x000000cf8b300000,0x000000cf8b400000) (1024K)]
  0x00000209722ac780 JavaThread "Thread-10"                  daemon [_thread_in_native, id=28412, stack(0x000000cf8b400000,0x000000cf8b500000) (1024K)]
  0x00000209722aeee0 JavaThread "Thread-11"                  daemon [_thread_in_native, id=2924, stack(0x000000cf8b500000,0x000000cf8b600000) (1024K)]
  0x00000209722ace10 JavaThread "Thread-12"                  daemon [_thread_in_native, id=26004, stack(0x000000cf8b600000,0x000000cf8b700000) (1024K)]
  0x00000209722aba60 JavaThread "Thread-13"                  daemon [_thread_in_native, id=21172, stack(0x000000cf8b700000,0x000000cf8b800000) (1024K)]
  0x00000209722af570 JavaThread "pool-2-thread-1"                   [_thread_blocked, id=18576, stack(0x000000cf8b800000,0x000000cf8b900000) (1024K)]
  0x00000209722afc00 JavaThread "WorkspaceEventsHandler"            [_thread_blocked, id=3800, stack(0x000000cf8b900000,0x000000cf8ba00000) (1024K)]
  0x00000209722b0fb0 JavaThread "pool-1-thread-1"                   [_thread_blocked, id=12956, stack(0x000000cf8ba00000,0x000000cf8bb00000) (1024K)]
  0x0000020975571df0 JavaThread "ForkJoinPool.commonPool-worker-9" daemon [_thread_blocked, id=26372, stack(0x000000cf8d400000,0x000000cf8d500000) (1024K)]
  0x0000020974c3f120 JavaThread "ForkJoinPool.commonPool-worker-10" daemon [_thread_in_Java, id=13556, stack(0x000000cf8d500000,0x000000cf8d600000) (1024K)]
  0x0000020974c3d6e0 JavaThread "ForkJoinPool.commonPool-worker-11" daemon [_thread_blocked, id=28056, stack(0x000000cf8d600000,0x000000cf8d700000) (1024K)]
  0x00000209722b1640 JavaThread "ForkJoinPool.commonPool-worker-13" daemon [_thread_blocked, id=19700, stack(0x000000cf8d800000,0x000000cf8d900000) (1024K)]
  0x00000209724b0540 JavaThread "Worker-7"                          [_thread_blocked, id=21260, stack(0x000000cf88000000,0x000000cf88100000) (1024K)]
  0x00000209724af190 JavaThread "Worker-8"                          [_thread_blocked, id=24412, stack(0x000000cf88100000,0x000000cf88200000) (1024K)]
  0x00000209724b0bd0 JavaThread "Worker-9"                          [_thread_blocked, id=5080, stack(0x000000cf8a100000,0x000000cf8a200000) (1024K)]
  0x00000209724b18f0 JavaThread "Worker-10"                         [_thread_blocked, id=17736, stack(0x000000cf8a300000,0x000000cf8a400000) (1024K)]
=>0x00000209746390d0 JavaThread "C2 CompilerThread1"         daemon [_thread_in_native, id=452, stack(0x000000cf87f00000,0x000000cf88000000) (1024K)]
  0x000002097556f690 JavaThread "ForkJoinPool.commonPool-worker-14" daemon [_thread_blocked, id=16952, stack(0x000000cf8a600000,0x000000cf8a700000) (1024K)]
  0x000002097556cf30 JavaThread "ForkJoinPool.commonPool-worker-15" daemon [_thread_blocked, id=3204, stack(0x000000cf8a700000,0x000000cf8a800000) (1024K)]
  0x000002097556c210 JavaThread "ForkJoinPool.commonPool-worker-16" daemon [_thread_blocked, id=22708, stack(0x000000cf8a800000,0x000000cf8a900000) (1024K)]
  0x000002097556e970 JavaThread "ForkJoinPool.commonPool-worker-17" daemon [_thread_blocked, id=9784, stack(0x000000cf8a900000,0x000000cf8aa00000) (1024K)]
  0x000002097556f000 JavaThread "ForkJoinPool.commonPool-worker-19" daemon [_thread_blocked, id=2688, stack(0x000000cf8bb00000,0x000000cf8bc00000) (1024K)]
  0x000002097556fd20 JavaThread "ForkJoinPool.commonPool-worker-18" daemon [_thread_blocked, id=26476, stack(0x000000cf8bc00000,0x000000cf8bd00000) (1024K)]
  0x00000209755703b0 JavaThread "ForkJoinPool.commonPool-worker-20" daemon [_thread_blocked, id=19112, stack(0x000000cf8bd00000,0x000000cf8be00000) (1024K)]
  0x0000020974636ec0 JavaThread "C2 CompilerThread2"         daemon [_thread_in_native, id=26740, stack(0x000000cf8a400000,0x000000cf8a500000) (1024K)]
Total: 55

Other Threads:
  0x000002096b3349c0 VMThread "VM Thread"                           [id=3660, stack(0x000000cf88500000,0x000000cf88600000) (1024K)]
  0x0000020954917940 WatcherThread "VM Periodic Task Thread"        [id=20564, stack(0x000000cf88400000,0x000000cf88500000) (1024K)]
  0x00000209548c6a60 WorkerThread "GC Thread#0"                     [id=3720, stack(0x000000cf88300000,0x000000cf88400000) (1024K)]
  0x000002096db610d0 WorkerThread "GC Thread#1"                     [id=14636, stack(0x000000cf89100000,0x000000cf89200000) (1024K)]
  0x00000209720084a0 WorkerThread "GC Thread#2"                     [id=16296, stack(0x000000cf89200000,0x000000cf89300000) (1024K)]
  0x000002096d7f4900 WorkerThread "GC Thread#3"                     [id=2340, stack(0x000000cf89300000,0x000000cf89400000) (1024K)]
  0x000002096d7f4cb0 WorkerThread "GC Thread#4"                     [id=12392, stack(0x000000cf89400000,0x000000cf89500000) (1024K)]
  0x000002096d7f5060 WorkerThread "GC Thread#5"                     [id=11356, stack(0x000000cf89500000,0x000000cf89600000) (1024K)]
  0x000002096d94d050 WorkerThread "GC Thread#6"                     [id=11392, stack(0x000000cf89600000,0x000000cf89700000) (1024K)]
  0x0000020972281dd0 WorkerThread "GC Thread#7"                     [id=28000, stack(0x000000cf88f00000,0x000000cf89000000) (1024K)]
  0x0000020972282180 WorkerThread "GC Thread#8"                     [id=27964, stack(0x000000cf89b00000,0x000000cf89c00000) (1024K)]
  0x00000209722812c0 WorkerThread "GC Thread#9"                     [id=28420, stack(0x000000cf89c00000,0x000000cf89d00000) (1024K)]
Total: 12

Threads with active compile tasks:
C2 CompilerThread0  678959 16761       4       org.eclipse.jdt.internal.core.ModularClassFile::exists (53 bytes)
C2 CompilerThread1  678959 16724 %     4       org.eclipse.jdt.internal.compiler.classfmt.ModuleInfo::readModuleAttribute @ 491 (1166 bytes)
C2 CompilerThread2  678960 16516       4       org.eclipse.jdt.internal.core.JarPackageFragmentRoot::getModuleDescription (25 bytes)
Total: 3

VM state: not at safepoint (normal execution)

VM Mutex/Monitor currently owned by a thread: None

Heap address: 0x0000000080000000, size: 2048 MB, Compressed Oops mode: 32-bit

CDS archive(s) mapped at: [0x0000020900000000-0x0000020900ba0000-0x0000020900ba0000), size 12189696, SharedBaseAddress: 0x0000020900000000, ArchiveRelocationMode: 1.
Compressed class space mapped at: 0x0000020901000000-0x0000020941000000, reserved size: 1073741824
Narrow klass base: 0x0000020900000000, Narrow klass shift: 0, Narrow klass range: 0x100000000

GC Precious Log:
 CardTable entry size: 512
 CPUs: 12 total, 12 available
 Memory: 7893M
 Large Page Support: Disabled
 NUMA Support: Disabled
 Compressed Oops: Enabled (32-bit)
 Alignments: Space 512K, Generation 512K, Heap 2M
 Heap Min Capacity: 100M
 Heap Initial Capacity: 100M
 Heap Max Capacity: 2G
 Pre-touch: Disabled
 Parallel Workers: 10

Heap:
 PSYoungGen      total 5632K, used 3878K [0x00000000d5580000, 0x00000000d5c00000, 0x0000000100000000)
  eden space 5120K, 68% used [0x00000000d5580000,0x00000000d58f2f00,0x00000000d5a80000)
  from space 512K, 67% used [0x00000000d5a80000,0x00000000d5ad6900,0x00000000d5b00000)
  to   space 512K, 0% used [0x00000000d5b80000,0x00000000d5b80000,0x00000000d5c00000)
 ParOldGen       total 1182208K, used 1182123K [0x0000000080000000, 0x00000000c8280000, 0x00000000d5580000)
  object space 1182208K, 99% used [0x0000000080000000,0x00000000c826ad68,0x00000000c8280000)
 Metaspace       used 71564K, committed 73344K, reserved 1114112K
  class space    used 7450K, committed 8256K, reserved 1048576K

Card table byte_map: [0x0000020954250000,0x0000020954660000] _byte_map_base: 0x0000020953e50000

Marking Bits: (ParMarkBitMap*) 0x00007ffe3ff23450
 Begin Bits: [0x0000020966d50000, 0x0000020968d50000)
 End Bits:   [0x0000020968d50000, 0x000002096ad50000)

Polling page: 0x0000020952890000

Metaspace:

Usage:
  Non-class:     62.61 MB used.
      Class:      7.28 MB used.
       Both:     69.89 MB used.

Virtual space:
  Non-class space:       64.00 MB reserved,      63.56 MB (>99%) committed,  1 nodes.
      Class space:        1.00 GB reserved,       8.06 MB ( <1%) committed,  1 nodes.
             Both:        1.06 GB reserved,      71.62 MB (  7%) committed. 

Chunk freelists:
   Non-Class:  400.00 KB
       Class:  7.97 MB
        Both:  8.36 MB

MaxMetaspaceSize: unlimited
CompressedClassSpaceSize: 1.00 GB
Initial GC threshold: 21.00 MB
Current GC threshold: 97.31 MB
CDS: on
 - commit_granule_bytes: 65536.
 - commit_granule_words: 8192.
 - virtual_space_node_default_size: 8388608.
 - enlarge_chunks_in_place: 1.
 - use_allocation_guard: 0.


Internal statistics:

num_allocs_failed_limit: 9.
num_arena_births: 1338.
num_arena_deaths: 18.
num_vsnodes_births: 2.
num_vsnodes_deaths: 0.
num_space_committed: 1146.
num_space_uncommitted: 0.
num_chunks_returned_to_freelist: 29.
num_chunks_taken_from_freelist: 4844.
num_chunk_merges: 16.
num_chunk_splits: 2942.
num_chunks_enlarged: 1612.
num_inconsistent_stats: 0.

CodeHeap 'non-profiled nmethods': size=120000Kb used=14289Kb max_used=14289Kb free=105710Kb
 bounds [0x000002095f570000, 0x0000020960370000, 0x0000020966aa0000]
CodeHeap 'profiled nmethods': size=120000Kb used=38035Kb max_used=38035Kb free=81964Kb
 bounds [0x0000020957aa0000, 0x0000020959fd0000, 0x000002095efd0000]
CodeHeap 'non-nmethods': size=5760Kb used=1487Kb max_used=1554Kb free=4272Kb
 bounds [0x000002095efd0000, 0x000002095f240000, 0x000002095f570000]
CodeCache: size=245760Kb, used=53811Kb, max_used=53878Kb, free=191946Kb
 total_blobs=16759, nmethods=15980, adapters=680, full_count=0
Compilation: enabled, stopped_count=0, restarted_count=0

Compilation events (20 events):
Event: 675.825 Thread 0x000002096c6ae970 16740   !   3       org.eclipse.jdt.internal.compiler.parser.Scanner::getNextToken0 (3068 bytes)
Event: 675.830 Thread 0x000002096c6a88c0 nmethod 16547% 0x0000020960352910 code [0x0000020960352be0, 0x0000020960354238]
Event: 675.830 Thread 0x000002096c6a88c0 16738       4       org.eclipse.jdt.internal.core.AbstractClassFile::equals (49 bytes)
Event: 675.834 Thread 0x000002096c6ae970 nmethod 16740 0x0000020959fae910 code [0x0000020959faf5e0, 0x0000020959fb7128]
Event: 675.834 Thread 0x000002096c6ae970 16741       2       org.eclipse.jdt.internal.compiler.parser.Parser::consumeModifiers (43 bytes)
Event: 675.834 Thread 0x000002096c6ae970 nmethod 16741 0x0000020959fba190 code [0x0000020959fba360, 0x0000020959fba550]
Event: 675.834 Thread 0x000002096c6ae970 16742       2       org.eclipse.jdt.internal.compiler.lookup.TypeBinding::erasure (2 bytes)
Event: 675.834 Thread 0x000002096c6ae970 nmethod 16742 0x0000020959fba690 code [0x0000020959fba820, 0x0000020959fba928]
Event: 675.836 Thread 0x000002096c6a88c0 nmethod 16738 0x0000020960355090 code [0x0000020960355260, 0x00000209603557d0]
Event: 675.837 Thread 0x000002096c6a88c0 16743   !   4       org.eclipse.jdt.internal.core.NameLookup::seekModule (267 bytes)
Event: 675.854 Thread 0x000002096c6ae970 16744       2       org.eclipse.jdt.ls.core.internal.CancellableProgressMonitor::<init> (10 bytes)
Event: 675.854 Thread 0x000002096c6ae970 nmethod 16744 0x0000020959fba990 code [0x0000020959fbab20, 0x0000020959fbac50]
Event: 675.857 Thread 0x000002096c6ae970 16745       1       org.eclipse.core.internal.resources.Project::isLinked (2 bytes)
Event: 675.857 Thread 0x000002096c6ae970 nmethod 16745 0x0000020960355b10 code [0x0000020960355ca0, 0x0000020960355d68]
Event: 675.861 Thread 0x000002096c6a88c0 nmethod 16743 0x0000020960355e10 code [0x00000209603560c0, 0x0000020960357668]
Event: 675.861 Thread 0x000002096c6ae970 16746       2       org.eclipse.jdt.internal.compiler.impl.IrritantSet::<init> (17 bytes)
Event: 675.861 Thread 0x000002096c6a88c0 16728       4       org.eclipse.jdt.internal.compiler.parser.TypeConverter::decodeType (1624 bytes)
Event: 675.861 Thread 0x000002096c6ae970 nmethod 16746 0x0000020959fbad10 code [0x0000020959fbaec0, 0x0000020959fbb0a0]
Event: 675.861 Thread 0x000002096c6ae970 16747       2       org.eclipse.jdt.internal.compiler.impl.IrritantSet::initialize (24 bytes)
Event: 675.862 Thread 0x000002096c6ae970 nmethod 16747 0x0000020959fbb190 code [0x0000020959fbb340, 0x0000020959fbb5d0]

GC Heap History (20 events):
Event: 674.333 GC heap before
{Heap before GC invocations=1607 (full 3):
 PSYoungGen      total 4608K, used 3072K [0x00000000d5580000, 0x00000000d5b80000, 0x0000000100000000)
  eden space 4096K, 62% used [0x00000000d5580000,0x00000000d5800348,0x00000000d5980000)
  from space 512K, 100% used [0x00000000d5a00000,0x00000000d5a80000,0x00000000d5a80000)
  to   space 1024K, 0% used [0x00000000d5a80000,0x00000000d5a80000,0x00000000d5b80000)
 ParOldGen       total 1180160K, used 1180034K [0x0000000080000000, 0x00000000c8080000, 0x00000000d5580000)
  object space 1180160K, 99% used [0x0000000080000000,0x00000000c8060968,0x00000000c8080000)
 Metaspace       used 71469K, committed 73280K, reserved 1114112K
  class space    used 7439K, committed 8256K, reserved 1048576K
}
Event: 674.336 GC heap after
{Heap after GC invocations=1607 (full 3):
 PSYoungGen      total 4608K, used 128K [0x00000000d5580000, 0x00000000d5b00000, 0x0000000100000000)
  eden space 4096K, 0% used [0x00000000d5580000,0x00000000d5580000,0x00000000d5980000)
  from space 512K, 25% used [0x00000000d5a80000,0x00000000d5aa0000,0x00000000d5b00000)
  to   space 512K, 0% used [0x00000000d5a00000,0x00000000d5a00000,0x00000000d5a80000)
 ParOldGen       total 1180672K, used 1180522K [0x0000000080000000, 0x00000000c8100000, 0x00000000d5580000)
  object space 1180672K, 99% used [0x0000000080000000,0x00000000c80da968,0x00000000c8100000)
 Metaspace       used 71469K, committed 73280K, reserved 1114112K
  class space    used 7439K, committed 8256K, reserved 1048576K
}
Event: 674.439 GC heap before
{Heap before GC invocations=1608 (full 3):
 PSYoungGen      total 4608K, used 3761K [0x00000000d5580000, 0x00000000d5b00000, 0x0000000100000000)
  eden space 4096K, 88% used [0x00000000d5580000,0x00000000d590c5e8,0x00000000d5980000)
  from space 512K, 25% used [0x00000000d5a80000,0x00000000d5aa0000,0x00000000d5b00000)
  to   space 512K, 0% used [0x00000000d5a00000,0x00000000d5a00000,0x00000000d5a80000)
 ParOldGen       total 1180672K, used 1180522K [0x0000000080000000, 0x00000000c8100000, 0x00000000d5580000)
  object space 1180672K, 99% used [0x0000000080000000,0x00000000c80da968,0x00000000c8100000)
 Metaspace       used 71506K, committed 73344K, reserved 1114112K
  class space    used 7446K, committed 8256K, reserved 1048576K
}
Event: 674.444 GC heap after
{Heap after GC invocations=1608 (full 3):
 PSYoungGen      total 4608K, used 480K [0x00000000d5580000, 0x00000000d5b80000, 0x0000000100000000)
  eden space 4096K, 0% used [0x00000000d5580000,0x00000000d5580000,0x00000000d5980000)
  from space 512K, 93% used [0x00000000d5a00000,0x00000000d5a78010,0x00000000d5a80000)
  to   space 1024K, 0% used [0x00000000d5a80000,0x00000000d5a80000,0x00000000d5b80000)
 ParOldGen       total 1180672K, used 1180538K [0x0000000080000000, 0x00000000c8100000, 0x00000000d5580000)
  object space 1180672K, 99% used [0x0000000080000000,0x00000000c80de968,0x00000000c8100000)
 Metaspace       used 71506K, committed 73344K, reserved 1114112K
  class space    used 7446K, committed 8256K, reserved 1048576K
}
Event: 674.621 GC heap before
{Heap before GC invocations=1609 (full 3):
 PSYoungGen      total 4608K, used 3985K [0x00000000d5580000, 0x00000000d5b80000, 0x0000000100000000)
  eden space 4096K, 85% used [0x00000000d5580000,0x00000000d58ec7c0,0x00000000d5980000)
  from space 512K, 93% used [0x00000000d5a00000,0x00000000d5a78010,0x00000000d5a80000)
  to   space 1024K, 0% used [0x00000000d5a80000,0x00000000d5a80000,0x00000000d5b80000)
 ParOldGen       total 1180672K, used 1180538K [0x0000000080000000, 0x00000000c8100000, 0x00000000d5580000)
  object space 1180672K, 99% used [0x0000000080000000,0x00000000c80de968,0x00000000c8100000)
 Metaspace       used 71508K, committed 73344K, reserved 1114112K
  class space    used 7447K, committed 8256K, reserved 1048576K
}
Event: 674.625 GC heap after
{Heap after GC invocations=1609 (full 3):
 PSYoungGen      total 4608K, used 288K [0x00000000d5580000, 0x00000000d5b00000, 0x0000000100000000)
  eden space 4096K, 0% used [0x00000000d5580000,0x00000000d5580000,0x00000000d5980000)
  from space 512K, 56% used [0x00000000d5a80000,0x00000000d5ac8000,0x00000000d5b00000)
  to   space 512K, 0% used [0x00000000d5a00000,0x00000000d5a00000,0x00000000d5a80000)
 ParOldGen       total 1180672K, used 1180634K [0x0000000080000000, 0x00000000c8100000, 0x00000000d5580000)
  object space 1180672K, 99% used [0x0000000080000000,0x00000000c80f6968,0x00000000c8100000)
 Metaspace       used 71508K, committed 73344K, reserved 1114112K
  class space    used 7447K, committed 8256K, reserved 1048576K
}
Event: 674.659 GC heap before
{Heap before GC invocations=1610 (full 3):
 PSYoungGen      total 4608K, used 4384K [0x00000000d5580000, 0x00000000d5b00000, 0x0000000100000000)
  eden space 4096K, 100% used [0x00000000d5580000,0x00000000d5980000,0x00000000d5980000)
  from space 512K, 56% used [0x00000000d5a80000,0x00000000d5ac8000,0x00000000d5b00000)
  to   space 512K, 0% used [0x00000000d5a00000,0x00000000d5a00000,0x00000000d5a80000)
 ParOldGen       total 1180672K, used 1180634K [0x0000000080000000, 0x00000000c8100000, 0x00000000d5580000)
  object space 1180672K, 99% used [0x0000000080000000,0x00000000c80f6968,0x00000000c8100000)
 Metaspace       used 71512K, committed 73344K, reserved 1114112K
  class space    used 7447K, committed 8256K, reserved 1048576K
}
Event: 674.662 GC heap after
{Heap after GC invocations=1610 (full 3):
 PSYoungGen      total 4608K, used 506K [0x00000000d5580000, 0x00000000d5b80000, 0x0000000100000000)
  eden space 4096K, 0% used [0x00000000d5580000,0x00000000d5580000,0x00000000d5980000)
  from space 512K, 98% used [0x00000000d5a00000,0x00000000d5a7e900,0x00000000d5a80000)
  to   space 1024K, 0% used [0x00000000d5a80000,0x00000000d5a80000,0x00000000d5b80000)
 ParOldGen       total 1181184K, used 1180706K [0x0000000080000000, 0x00000000c8180000, 0x00000000d5580000)
  object space 1181184K, 99% used [0x0000000080000000,0x00000000c8108968,0x00000000c8180000)
 Metaspace       used 71512K, committed 73344K, reserved 1114112K
  class space    used 7447K, committed 8256K, reserved 1048576K
}
Event: 674.686 GC heap before
{Heap before GC invocations=1611 (full 3):
 PSYoungGen      total 4608K, used 4602K [0x00000000d5580000, 0x00000000d5b80000, 0x0000000100000000)
  eden space 4096K, 100% used [0x00000000d5580000,0x00000000d5980000,0x00000000d5980000)
  from space 512K, 98% used [0x00000000d5a00000,0x00000000d5a7e900,0x00000000d5a80000)
  to   space 1024K, 0% used [0x00000000d5a80000,0x00000000d5a80000,0x00000000d5b80000)
 ParOldGen       total 1181184K, used 1180706K [0x0000000080000000, 0x00000000c8180000, 0x00000000d5580000)
  object space 1181184K, 99% used [0x0000000080000000,0x00000000c8108968,0x00000000c8180000)
 Metaspace       used 71512K, committed 73344K, reserved 1114112K
  class space    used 7447K, committed 8256K, reserved 1048576K
}
Event: 674.688 GC heap after
{Heap after GC invocations=1611 (full 3):
 PSYoungGen      total 4608K, used 308K [0x00000000d5580000, 0x00000000d5b00000, 0x0000000100000000)
  eden space 4096K, 0% used [0x00000000d5580000,0x00000000d5580000,0x00000000d5980000)
  from space 512K, 60% used [0x00000000d5a80000,0x00000000d5acd200,0x00000000d5b00000)
  to   space 512K, 0% used [0x00000000d5a00000,0x00000000d5a00000,0x00000000d5a80000)
 ParOldGen       total 1181184K, used 1180770K [0x0000000080000000, 0x00000000c8180000, 0x00000000d5580000)
  object space 1181184K, 99% used [0x0000000080000000,0x00000000c8118968,0x00000000c8180000)
 Metaspace       used 71512K, committed 73344K, reserved 1114112K
  class space    used 7447K, committed 8256K, reserved 1048576K
}
Event: 674.709 GC heap before
{Heap before GC invocations=1612 (full 3):
 PSYoungGen      total 4608K, used 4404K [0x00000000d5580000, 0x00000000d5b00000, 0x0000000100000000)
  eden space 4096K, 100% used [0x00000000d5580000,0x00000000d5980000,0x00000000d5980000)
  from space 512K, 60% used [0x00000000d5a80000,0x00000000d5acd200,0x00000000d5b00000)
  to   space 512K, 0% used [0x00000000d5a00000,0x00000000d5a00000,0x00000000d5a80000)
 ParOldGen       total 1181184K, used 1180770K [0x0000000080000000, 0x00000000c8180000, 0x00000000d5580000)
  object space 1181184K, 99% used [0x0000000080000000,0x00000000c8118968,0x00000000c8180000)
 Metaspace       used 71520K, committed 73344K, reserved 1114112K
  class space    used 7447K, committed 8256K, reserved 1048576K
}
Event: 674.713 GC heap after
{Heap after GC invocations=1612 (full 3):
 PSYoungGen      total 4608K, used 314K [0x00000000d5580000, 0x00000000d5b00000, 0x0000000100000000)
  eden space 4096K, 0% used [0x00000000d5580000,0x00000000d5580000,0x00000000d5980000)
  from space 512K, 61% used [0x00000000d5a00000,0x00000000d5a4e900,0x00000000d5a80000)
  to   space 512K, 0% used [0x00000000d5a80000,0x00000000d5a80000,0x00000000d5b00000)
 ParOldGen       total 1181184K, used 1180826K [0x0000000080000000, 0x00000000c8180000, 0x00000000d5580000)
  object space 1181184K, 99% used [0x0000000080000000,0x00000000c8126968,0x00000000c8180000)
 Metaspace       used 71520K, committed 73344K, reserved 1114112K
  class space    used 7447K, committed 8256K, reserved 1048576K
}
Event: 674.737 GC heap before
{Heap before GC invocations=1613 (full 3):
 PSYoungGen      total 4608K, used 4410K [0x00000000d5580000, 0x00000000d5b00000, 0x0000000100000000)
  eden space 4096K, 100% used [0x00000000d5580000,0x00000000d5980000,0x00000000d5980000)
  from space 512K, 61% used [0x00000000d5a00000,0x00000000d5a4e900,0x00000000d5a80000)
  to   space 512K, 0% used [0x00000000d5a80000,0x00000000d5a80000,0x00000000d5b00000)
 ParOldGen       total 1181184K, used 1180826K [0x0000000080000000, 0x00000000c8180000, 0x00000000d5580000)
  object space 1181184K, 99% used [0x0000000080000000,0x00000000c8126968,0x00000000c8180000)
 Metaspace       used 71522K, committed 73344K, reserved 1114112K
  class space    used 7447K, committed 8256K, reserved 1048576K
}
Event: 674.740 GC heap after
{Heap after GC invocations=1613 (full 3):
 PSYoungGen      total 4608K, used 506K [0x00000000d5580000, 0x00000000d5b80000, 0x0000000100000000)
  eden space 4096K, 0% used [0x00000000d5580000,0x00000000d5580000,0x00000000d5980000)
  from space 512K, 98% used [0x00000000d5a80000,0x00000000d5afe900,0x00000000d5b00000)
  to   space 1024K, 0% used [0x00000000d5980000,0x00000000d5980000,0x00000000d5a80000)
 ParOldGen       total 1181184K, used 1180858K [0x0000000080000000, 0x00000000c8180000, 0x00000000d5580000)
  object space 1181184K, 99% used [0x0000000080000000,0x00000000c812e968,0x00000000c8180000)
 Metaspace       used 71522K, committed 73344K, reserved 1114112K
  class space    used 7447K, committed 8256K, reserved 1048576K
}
Event: 674.754 GC heap before
{Heap before GC invocations=1614 (full 3):
 PSYoungGen      total 4608K, used 4602K [0x00000000d5580000, 0x00000000d5b80000, 0x0000000100000000)
  eden space 4096K, 100% used [0x00000000d5580000,0x00000000d5980000,0x00000000d5980000)
  from space 512K, 98% used [0x00000000d5a80000,0x00000000d5afe900,0x00000000d5b00000)
  to   space 1024K, 0% used [0x00000000d5980000,0x00000000d5980000,0x00000000d5a80000)
 ParOldGen       total 1181184K, used 1180858K [0x0000000080000000, 0x00000000c8180000, 0x00000000d5580000)
  object space 1181184K, 99% used [0x0000000080000000,0x00000000c812e968,0x00000000c8180000)
 Metaspace       used 71524K, committed 73344K, reserved 1114112K
  class space    used 7447K, committed 8256K, reserved 1048576K
}
Event: 675.772 GC heap after
{Heap after GC invocations=1614 (full 3):
 PSYoungGen      total 5120K, used 378K [0x00000000d5580000, 0x00000000d5b80000, 0x0000000100000000)
  eden space 4096K, 0% used [0x00000000d5580000,0x00000000d5580000,0x00000000d5980000)
  from space 1024K, 36% used [0x00000000d5980000,0x00000000d59de900,0x00000000d5a80000)
  to   space 512K, 0% used [0x00000000d5b00000,0x00000000d5b00000,0x00000000d5b80000)
 ParOldGen       total 1181696K, used 1181326K [0x0000000080000000, 0x00000000c8200000, 0x00000000d5580000)
  object space 1181696K, 99% used [0x0000000080000000,0x00000000c81a3b68,0x00000000c8200000)
 Metaspace       used 71524K, committed 73344K, reserved 1114112K
  class space    used 7447K, committed 8256K, reserved 1048576K
}
Event: 675.805 GC heap before
{Heap before GC invocations=1615 (full 3):
 PSYoungGen      total 5120K, used 4473K [0x00000000d5580000, 0x00000000d5b80000, 0x0000000100000000)
  eden space 4096K, 99% used [0x00000000d5580000,0x00000000d597fb58,0x00000000d5980000)
  from space 1024K, 36% used [0x00000000d5980000,0x00000000d59de900,0x00000000d5a80000)
  to   space 512K, 0% used [0x00000000d5b00000,0x00000000d5b00000,0x00000000d5b80000)
 ParOldGen       total 1181696K, used 1181326K [0x0000000080000000, 0x00000000c8200000, 0x00000000d5580000)
  object space 1181696K, 99% used [0x0000000080000000,0x00000000c81a3b68,0x00000000c8200000)
 Metaspace       used 71525K, committed 73344K, reserved 1114112K
  class space    used 7447K, committed 8256K, reserved 1048576K
}
Event: 675.808 GC heap after
{Heap after GC invocations=1615 (full 3):
 PSYoungGen      total 5632K, used 224K [0x00000000d5580000, 0x00000000d5b80000, 0x0000000100000000)
  eden space 5120K, 0% used [0x00000000d5580000,0x00000000d5580000,0x00000000d5a80000)
  from space 512K, 43% used [0x00000000d5b00000,0x00000000d5b38000,0x00000000d5b80000)
  to   space 512K, 0% used [0x00000000d5a80000,0x00000000d5a80000,0x00000000d5b00000)
 ParOldGen       total 1181696K, used 1181454K [0x0000000080000000, 0x00000000c8200000, 0x00000000d5580000)
  object space 1181696K, 99% used [0x0000000080000000,0x00000000c81c3b68,0x00000000c8200000)
 Metaspace       used 71525K, committed 73344K, reserved 1114112K
  class space    used 7447K, committed 8256K, reserved 1048576K
}
Event: 675.862 GC heap before
{Heap before GC invocations=1616 (full 3):
 PSYoungGen      total 5632K, used 5253K [0x00000000d5580000, 0x00000000d5b80000, 0x0000000100000000)
  eden space 5120K, 98% used [0x00000000d5580000,0x00000000d5a69630,0x00000000d5a80000)
  from space 512K, 43% used [0x00000000d5b00000,0x00000000d5b38000,0x00000000d5b80000)
  to   space 512K, 0% used [0x00000000d5a80000,0x00000000d5a80000,0x00000000d5b00000)
 ParOldGen       total 1181696K, used 1181454K [0x0000000080000000, 0x00000000c8200000, 0x00000000d5580000)
  object space 1181696K, 99% used [0x0000000080000000,0x00000000c81c3b68,0x00000000c8200000)
 Metaspace       used 71561K, committed 73344K, reserved 1114112K
  class space    used 7450K, committed 8256K, reserved 1048576K
}
Event: 676.869 GC heap after
{Heap after GC invocations=1616 (full 3):
 PSYoungGen      total 5632K, used 340K [0x00000000d5580000, 0x00000000d5c80000, 0x0000000100000000)
  eden space 5120K, 0% used [0x00000000d5580000,0x00000000d5580000,0x00000000d5a80000)
  from space 512K, 66% used [0x00000000d5a80000,0x00000000d5ad5200,0x00000000d5b00000)
  to   space 512K, 0% used [0x00000000d5c00000,0x00000000d5c00000,0x00000000d5c80000)
 ParOldGen       total 1181696K, used 1181494K [0x0000000080000000, 0x00000000c8200000, 0x00000000d5580000)
  object space 1181696K, 99% used [0x0000000080000000,0x00000000c81cdb68,0x00000000c8200000)
 Metaspace       used 71561K, committed 73344K, reserved 1114112K
  class space    used 7450K, committed 8256K, reserved 1048576K
}

Dll operation events (10 events):
Event: 0.796 Loaded shared library c:\Users\MSI20\.vscode\extensions\redhat.java-1.53.0-win32-x64\jre\21.0.10-win32-x86_64\bin\java.dll
Event: 0.973 Loaded shared library c:\Users\MSI20\.vscode\extensions\redhat.java-1.53.0-win32-x64\jre\21.0.10-win32-x86_64\bin\zip.dll
Event: 1.007 Loaded shared library C:\Users\MSI20\.vscode\extensions\redhat.java-1.53.0-win32-x64\jre\21.0.10-win32-x86_64\bin\instrument.dll
Event: 1.017 Loaded shared library C:\Users\MSI20\.vscode\extensions\redhat.java-1.53.0-win32-x64\jre\21.0.10-win32-x86_64\bin\net.dll
Event: 1.021 Loaded shared library C:\Users\MSI20\.vscode\extensions\redhat.java-1.53.0-win32-x64\jre\21.0.10-win32-x86_64\bin\nio.dll
Event: 1.026 Loaded shared library C:\Users\MSI20\.vscode\extensions\redhat.java-1.53.0-win32-x64\jre\21.0.10-win32-x86_64\bin\zip.dll
Event: 1.057 Loaded shared library C:\Users\MSI20\.vscode\extensions\redhat.java-1.53.0-win32-x64\jre\21.0.10-win32-x86_64\bin\jimage.dll
Event: 1.180 Loaded shared library c:\Users\MSI20\.vscode\extensions\redhat.java-1.53.0-win32-x64\jre\21.0.10-win32-x86_64\bin\verify.dll
Event: 6.499 Loaded shared library C:\Users\MSI20\AppData\Roaming\Code\User\globalStorage\redhat.java\1.53.0\config_win\org.eclipse.equinox.launcher\org.eclipse.equinox.launcher.win32.win32.x86_64_1.3.0.v20260203-2149\eclipse_11919.dll
Event: 15.518 Loaded shared library C:\Users\MSI20\AppData\Local\Temp\jna-73655521\jna12727113215603876855.dll

Deoptimization events (20 events):
Event: 674.446 Thread 0x0000020974c3f120 Uncommon trap: trap_request=0xffffff45 fr.pc=0x0000020960057264 relative=0x0000000000000284
Event: 674.446 Thread 0x0000020974c3f120 Uncommon trap: reason=unstable_if action=reinterpret pc=0x0000020960057264 method=java.lang.String.encodeUTF8(B[BZ)[B @ 2 c2
Event: 674.446 Thread 0x0000020974c3f120 DEOPT PACKING pc=0x0000020960057264 sp=0x000000cf8d5fefe0
Event: 674.446 Thread 0x0000020974c3f120 DEOPT UNPACKING pc=0x000002095f026da2 sp=0x000000cf8d5feef0 mode 2
Event: 674.610 Thread 0x0000020974c3f120 DEOPT PACKING pc=0x0000020959eec8f8 sp=0x000000cf8d5fe340
Event: 674.610 Thread 0x0000020974c3f120 DEOPT UNPACKING pc=0x000002095f0278e2 sp=0x000000cf8d5fd7c8 mode 0
Event: 674.637 Thread 0x0000020974c3f120 Uncommon trap: trap_request=0xffffff45 fr.pc=0x00000209602aefd0 relative=0x00000000000022b0
Event: 674.637 Thread 0x0000020974c3f120 Uncommon trap: reason=unstable_if action=reinterpret pc=0x00000209602aefd0 method=org.eclipse.jdt.internal.compiler.parser.Scanner.getNextToken0()Lorg/eclipse/jdt/internal/compiler/parser/TerminalToken; @ 493 c2
Event: 674.637 Thread 0x0000020974c3f120 DEOPT PACKING pc=0x00000209602aefd0 sp=0x000000cf8d5fe180
Event: 674.637 Thread 0x0000020974c3f120 DEOPT UNPACKING pc=0x000002095f026da2 sp=0x000000cf8d5fe108 mode 2
Event: 674.645 Thread 0x0000020974c3f120 DEOPT PACKING pc=0x0000020959f494b8 sp=0x000000cf8d5fe7c0
Event: 674.645 Thread 0x0000020974c3f120 DEOPT UNPACKING pc=0x000002095f0278e2 sp=0x000000cf8d5fdcb0 mode 0
Event: 674.680 Thread 0x0000020974c3f120 DEOPT PACKING pc=0x0000020959eec8f8 sp=0x000000cf8d5fcef0
Event: 674.680 Thread 0x0000020974c3f120 DEOPT UNPACKING pc=0x000002095f0278e2 sp=0x000000cf8d5fc378 mode 0
Event: 674.740 Thread 0x0000020974c3f120 DEOPT PACKING pc=0x0000020959eec8f8 sp=0x000000cf8d5fde20
Event: 674.740 Thread 0x0000020974c3f120 DEOPT UNPACKING pc=0x000002095f0278e2 sp=0x000000cf8d5fd2a8 mode 0
Event: 675.783 Thread 0x0000020974c3f120 DEOPT PACKING pc=0x00000209598095ea sp=0x000000cf8d5fe690
Event: 675.783 Thread 0x0000020974c3f120 DEOPT UNPACKING pc=0x000002095f0278e2 sp=0x000000cf8d5fdb88 mode 0
Event: 675.834 Thread 0x0000020974c3f120 DEOPT PACKING pc=0x0000020959ec3da9 sp=0x000000cf8d5fd4c0
Event: 675.834 Thread 0x0000020974c3f120 DEOPT UNPACKING pc=0x000002095f0278e2 sp=0x000000cf8d5fc9f0 mode 0

Classes loaded (20 events):
Event: 671.253 Loading class com/sun/crypto/provider/SymmetricCipher done
Event: 671.253 Loading class com/sun/crypto/provider/AESCrypt done
Event: 671.254 Loading class com/sun/crypto/provider/ElectronicCodeBook
Event: 671.254 Loading class com/sun/crypto/provider/FeedbackCipher
Event: 671.254 Loading class com/sun/crypto/provider/FeedbackCipher done
Event: 671.254 Loading class com/sun/crypto/provider/ElectronicCodeBook done
Event: 671.254 Loading class com/sun/crypto/provider/PKCS5Padding
Event: 671.255 Loading class com/sun/crypto/provider/Padding
Event: 671.255 Loading class com/sun/crypto/provider/Padding done
Event: 671.255 Loading class com/sun/crypto/provider/PKCS5Padding done
Event: 671.255 Loading class com/sun/crypto/provider/CipherBlockChaining
Event: 671.256 Loading class com/sun/crypto/provider/CipherBlockChaining done
Event: 671.261 Loading class javax/crypto/NullCipher
Event: 671.261 Loading class javax/crypto/NullCipher done
Event: 671.262 Loading class sun/security/util/ArrayUtil
Event: 671.263 Loading class sun/security/util/ArrayUtil done
Event: 671.314 Loading class java/util/zip/CheckedInputStream
Event: 671.315 Loading class java/util/zip/CheckedInputStream done
Event: 671.380 Loading class java/util/zip/GZIPInputStream$1
Event: 671.381 Loading class java/util/zip/GZIPInputStream$1 done

Classes unloaded (9 events):
Event: 18.402 Thread 0x000002096b3349c0 Unloading class 0x00000209011a5000 'java/lang/invoke/LambdaForm$MH+0x00000209011a5000'
Event: 18.402 Thread 0x000002096b3349c0 Unloading class 0x00000209011a4c00 'java/lang/invoke/LambdaForm$MH+0x00000209011a4c00'
Event: 18.402 Thread 0x000002096b3349c0 Unloading class 0x00000209011a4800 'java/lang/invoke/LambdaForm$MH+0x00000209011a4800'
Event: 18.402 Thread 0x000002096b3349c0 Unloading class 0x00000209011a4400 'java/lang/invoke/LambdaForm$MH+0x00000209011a4400'
Event: 18.402 Thread 0x000002096b3349c0 Unloading class 0x00000209011a4000 'java/lang/invoke/LambdaForm$BMH+0x00000209011a4000'
Event: 18.402 Thread 0x000002096b3349c0 Unloading class 0x00000209011a3c00 'java/lang/invoke/LambdaForm$DMH+0x00000209011a3c00'
Event: 18.402 Thread 0x000002096b3349c0 Unloading class 0x00000209011a2800 'java/lang/invoke/LambdaForm$DMH+0x00000209011a2800'
Event: 79.292 Thread 0x000002096b3349c0 Unloading class 0x00000209015d4800 'java/lang/invoke/LambdaForm$DMH+0x00000209015d4800'
Event: 79.292 Thread 0x000002096b3349c0 Unloading class 0x00000209015d4400 'java/lang/invoke/LambdaForm$DMH+0x00000209015d4400'

Classes redefined (0 events):
No events

Internal exceptions (20 events):
Event: 228.792 Thread 0x000002097556dc50 Exception <a 'sun/nio/fs/WindowsException'{0x00000000d5636438}> (0x00000000d5636438) 
thrown [s\src\hotspot\share\prims\jni.cpp, line 520]
Event: 381.869 Thread 0x00000209724b1f80 Exception <a 'sun/nio/fs/WindowsException'{0x00000000d577e030}> (0x00000000d577e030) 
thrown [s\src\hotspot\share\prims\jni.cpp, line 520]
Event: 381.874 Thread 0x00000209724b1f80 Exception <a 'sun/nio/fs/WindowsException'{0x00000000d577edd8}> (0x00000000d577edd8) 
thrown [s\src\hotspot\share\prims\jni.cpp, line 520]
Event: 381.891 Thread 0x00000209724b1f80 Exception <a 'sun/nio/fs/WindowsException'{0x00000000d57827f0}> (0x00000000d57827f0) 
thrown [s\src\hotspot\share\prims\jni.cpp, line 520]
Event: 381.891 Thread 0x00000209724b1f80 Exception <a 'sun/nio/fs/WindowsException'{0x00000000d57835e8}> (0x00000000d57835e8) 
thrown [s\src\hotspot\share\prims\jni.cpp, line 520]
Event: 381.900 Thread 0x00000209724b1f80 Exception <a 'sun/nio/fs/WindowsException'{0x00000000d578a000}> (0x00000000d578a000) 
thrown [s\src\hotspot\share\prims\jni.cpp, line 520]
Event: 381.900 Thread 0x00000209724b1f80 Exception <a 'sun/nio/fs/WindowsException'{0x00000000d578ada8}> (0x00000000d578ada8) 
thrown [s\src\hotspot\share\prims\jni.cpp, line 520]
Event: 651.540 Thread 0x00000209722b0fb0 Exception <a 'java/lang/IncompatibleClassChangeError'{0x00000000d5fc8688}: Found class java.lang.Object, but interface was expected> (0x00000000d5fc8688) 
thrown [s\src\hotspot\share\interpreter\linkResolver.cpp, line 840]
Event: 671.112 Thread 0x0000020974c3f120 Implicit null exception at 0x000002095fefa3da to 0x000002095fefa433
Event: 671.174 Thread 0x000002097556b4f0 Exception <a 'sun/nio/fs/WindowsException'{0x00000000d55e8248}> (0x00000000d55e8248) 
thrown [s\src\hotspot\share\prims\jni.cpp, line 520]
Event: 671.742 Thread 0x000002097556f690 Implicit null exception at 0x000002096009fe7f to 0x00000209600a0508
Event: 671.742 Thread 0x000002097556cf30 Implicit null exception at 0x000002096009fe7f to 0x00000209600a0508
Event: 674.368 Thread 0x0000020974c3f120 Exception <a 'sun/nio/fs/WindowsException'{0x00000000d5807500}> (0x00000000d5807500) 
thrown [s\src\hotspot\share\prims\jni.cpp, line 520]
Event: 674.368 Thread 0x0000020974c3f120 Exception <a 'sun/nio/fs/WindowsException'{0x00000000d5808058}> (0x00000000d5808058) 
thrown [s\src\hotspot\share\prims\jni.cpp, line 520]
Event: 674.614 Thread 0x0000020974c3f120 Exception <a 'sun/nio/fs/WindowsException'{0x00000000d58d4c60}> (0x00000000d58d4c60) 
thrown [s\src\hotspot\share\prims\jni.cpp, line 520]
Event: 674.614 Thread 0x0000020974c3f120 Exception <a 'sun/nio/fs/WindowsException'{0x00000000d58d57b8}> (0x00000000d58d57b8) 
thrown [s\src\hotspot\share\prims\jni.cpp, line 520]
Event: 675.795 Thread 0x0000020974c3f120 Exception <a 'sun/nio/fs/WindowsException'{0x00000000d595e0b8}> (0x00000000d595e0b8) 
thrown [s\src\hotspot\share\prims\jni.cpp, line 520]
Event: 675.796 Thread 0x0000020974c3f120 Exception <a 'sun/nio/fs/WindowsException'{0x00000000d595ec10}> (0x00000000d595ec10) 
thrown [s\src\hotspot\share\prims\jni.cpp, line 520]
Event: 675.846 Thread 0x0000020974c3f120 Exception <a 'sun/nio/fs/WindowsException'{0x00000000d5996bd0}> (0x00000000d5996bd0) 
thrown [s\src\hotspot\share\prims\jni.cpp, line 520]
Event: 675.846 Thread 0x0000020974c3f120 Exception <a 'sun/nio/fs/WindowsException'{0x00000000d5997728}> (0x00000000d5997728) 
thrown [s\src\hotspot\share\prims\jni.cpp, line 520]

ZGC Phase Switch (0 events):
No events

VM Operations (20 events):
Event: 674.333 Executing safepoint VM operation: ParallelGCFailedAllocation (Allocation Failure)
Event: 674.336 Executing safepoint VM operation: ParallelGCFailedAllocation (Allocation Failure) done
Event: 674.439 Executing safepoint VM operation: ParallelGCFailedAllocation (Allocation Failure)
Event: 674.444 Executing safepoint VM operation: ParallelGCFailedAllocation (Allocation Failure) done
Event: 674.621 Executing safepoint VM operation: ParallelGCFailedAllocation (Allocation Failure)
Event: 674.625 Executing safepoint VM operation: ParallelGCFailedAllocation (Allocation Failure) done
Event: 674.659 Executing safepoint VM operation: ParallelGCFailedAllocation (Allocation Failure)
Event: 674.662 Executing safepoint VM operation: ParallelGCFailedAllocation (Allocation Failure) done
Event: 674.686 Executing safepoint VM operation: ParallelGCFailedAllocation (Allocation Failure)
Event: 674.688 Executing safepoint VM operation: ParallelGCFailedAllocation (Allocation Failure) done
Event: 674.709 Executing safepoint VM operation: ParallelGCFailedAllocation (Allocation Failure)
Event: 674.713 Executing safepoint VM operation: ParallelGCFailedAllocation (Allocation Failure) done
Event: 674.737 Executing safepoint VM operation: ParallelGCFailedAllocation (Allocation Failure)
Event: 674.740 Executing safepoint VM operation: ParallelGCFailedAllocation (Allocation Failure) done
Event: 674.754 Executing safepoint VM operation: ParallelGCFailedAllocation (Allocation Failure)
Event: 675.772 Executing safepoint VM operation: ParallelGCFailedAllocation (Allocation Failure) done
Event: 675.804 Executing safepoint VM operation: ParallelGCFailedAllocation (Allocation Failure)
Event: 675.808 Executing safepoint VM operation: ParallelGCFailedAllocation (Allocation Failure) done
Event: 675.862 Executing safepoint VM operation: ParallelGCFailedAllocation (Allocation Failure)
Event: 676.869 Executing safepoint VM operation: ParallelGCFailedAllocation (Allocation Failure) done

Memory protections (0 events):
No events

Nmethod flushes (20 events):
Event: 79.396 Thread 0x000002096b3349c0 flushing  nmethod 0x00000209583bf490
Event: 79.396 Thread 0x000002096b3349c0 flushing  nmethod 0x00000209583bfa10
Event: 79.396 Thread 0x000002096b3349c0 flushing  nmethod 0x00000209583bfd90
Event: 79.396 Thread 0x000002096b3349c0 flushing  nmethod 0x00000209583c0c90
Event: 79.396 Thread 0x000002096b3349c0 flushing  nmethod 0x00000209583c1290
Event: 79.396 Thread 0x000002096b3349c0 flushing  nmethod 0x00000209583c1b10
Event: 79.396 Thread 0x000002096b3349c0 flushing  nmethod 0x00000209583c2010
Event: 79.396 Thread 0x000002096b3349c0 flushing  nmethod 0x00000209583c3690
Event: 79.396 Thread 0x000002096b3349c0 flushing  nmethod 0x00000209583c4910
Event: 79.396 Thread 0x000002096b3349c0 flushing  nmethod 0x00000209583c5710
Event: 79.396 Thread 0x000002096b3349c0 flushing  nmethod 0x00000209583c8610
Event: 79.396 Thread 0x000002096b3349c0 flushing  nmethod 0x00000209583cb310
Event: 79.396 Thread 0x000002096b3349c0 flushing  nmethod 0x00000209583cb910
Event: 79.396 Thread 0x000002096b3349c0 flushing  nmethod 0x00000209583cca10
Event: 79.396 Thread 0x000002096b3349c0 flushing  nmethod 0x00000209583daa90
Event: 79.396 Thread 0x000002096b3349c0 flushing  nmethod 0x00000209583e4490
Event: 79.396 Thread 0x000002096b3349c0 flushing  nmethod 0x00000209583e8910
Event: 79.396 Thread 0x000002096b3349c0 flushing  nmethod 0x0000020958415010
Event: 79.396 Thread 0x000002096b3349c0 flushing  nmethod 0x0000020958418810
Event: 79.396 Thread 0x000002096b3349c0 flushing  nmethod 0x0000020958438810

Events (20 events):
Event: 392.866 Thread 0x0000020974c41f10 Thread exited: 0x0000020974c41f10
Event: 409.809 Thread 0x00000209755710d0 Thread exited: 0x00000209755710d0
Event: 469.824 Thread 0x00000209755703b0 Thread exited: 0x00000209755703b0
Event: 529.845 Thread 0x0000020975571760 Thread exited: 0x0000020975571760
Event: 589.833 Thread 0x0000020975572480 Thread exited: 0x0000020975572480
Event: 649.848 Thread 0x0000020975570a40 Thread exited: 0x0000020975570a40
Event: 651.455 Thread 0x00000209724b1f80 Thread added: 0x00000209724b0540
Event: 651.458 Thread 0x00000209724b0540 Thread added: 0x00000209724af190
Event: 667.716 Thread 0x00000209724afeb0 Thread added: 0x00000209724b0bd0
Event: 668.592 Thread 0x00000209724b0bd0 Thread added: 0x00000209724b18f0
Event: 668.800 Thread 0x0000020974c3f120 Thread added: 0x000002097556b4f0
Event: 670.176 Thread 0x000002096c6ae970 Thread added: 0x00000209746390d0
Event: 671.635 Thread 0x00000209722b1640 Thread added: 0x000002097556f690
Event: 671.637 Thread 0x0000020974c3d6e0 Thread added: 0x000002097556cf30
Event: 671.638 Thread 0x00000209722b1640 Thread added: 0x000002097556c210
Event: 671.643 Thread 0x000002097556f690 Thread added: 0x000002097556e970
Event: 671.652 Thread 0x000002097556c210 Thread added: 0x000002097556f000
Event: 671.656 Thread 0x000002097556cf30 Thread added: 0x000002097556fd20
Event: 671.659 Thread 0x000002097556e970 Thread added: 0x00000209755703b0
Event: 671.706 Thread 0x000002097556b4f0 Thread exited: 0x000002097556b4f0


Dynamic libraries:
0x00007ff684c20000 - 0x00007ff684c2e000 	c:\Users\MSI20\.vscode\extensions\redhat.java-1.53.0-win32-x64\jre\21.0.10-win32-x86_64\bin\java.exe
0x00007fff02de0000 - 0x00007fff03047000 	C:\WINDOWS\SYSTEM32\ntdll.dll
0x00007ffea5a20000 - 0x00007ffea5a40000 	C:\Program Files\Avast Software\Avast\aswhook.dll
0x00007fff01f70000 - 0x00007fff02039000 	C:\WINDOWS\System32\KERNEL32.DLL
0x00007ffeff6f0000 - 0x00007ffeffae1000 	C:\WINDOWS\System32\KERNELBASE.dll
0x00007ffefff40000 - 0x00007fff0008b000 	C:\WINDOWS\System32\ucrtbase.dll
0x00007ffee6a60000 - 0x00007ffee6a7e000 	c:\Users\MSI20\.vscode\extensions\redhat.java-1.53.0-win32-x64\jre\21.0.10-win32-x86_64\bin\VCRUNTIME140.dll
0x00007ffecf750000 - 0x00007ffecf768000 	c:\Users\MSI20\.vscode\extensions\redhat.java-1.53.0-win32-x64\jre\21.0.10-win32-x86_64\bin\jli.dll
0x00007fff00ed0000 - 0x00007fff01095000 	C:\WINDOWS\System32\USER32.dll
0x00007ffeddf70000 - 0x00007ffede203000 	C:\WINDOWS\WinSxS\amd64_microsoft.windows.common-controls_6595b64144ccf1df_6.0.26100.8037_none_3e092faae333b53b\COMCTL32.dll
0x00007fff01350000 - 0x00007fff013f9000 	C:\WINDOWS\System32\msvcrt.dll
0x00007ffeff6c0000 - 0x00007ffeff6e7000 	C:\WINDOWS\System32\win32u.dll
0x00007fff02a00000 - 0x00007fff02a2b000 	C:\WINDOWS\System32\GDI32.dll
0x00007fff00a50000 - 0x00007fff00b7b000 	C:\WINDOWS\System32\gdi32full.dll
0x00007ffeffc70000 - 0x00007ffeffd13000 	C:\WINDOWS\System32\msvcp_win.dll
0x00007fff01310000 - 0x00007fff01341000 	C:\WINDOWS\System32\IMM32.DLL
0x00007ffefa950000 - 0x00007ffefa95c000 	c:\Users\MSI20\.vscode\extensions\redhat.java-1.53.0-win32-x64\jre\21.0.10-win32-x86_64\bin\vcruntime140_1.dll
0x00007ffeb9700000 - 0x00007ffeb978d000 	c:\Users\MSI20\.vscode\extensions\redhat.java-1.53.0-win32-x64\jre\21.0.10-win32-x86_64\bin\msvcp140.dll
0x00007ffe3f260000 - 0x00007ffe40001000 	c:\Users\MSI20\.vscode\extensions\redhat.java-1.53.0-win32-x64\jre\21.0.10-win32-x86_64\bin\server\jvm.dll
0x00007fff02ce0000 - 0x00007fff02d9b000 	C:\WINDOWS\System32\ADVAPI32.dll
0x00007fff024c0000 - 0x00007fff02567000 	C:\WINDOWS\System32\sechost.dll
0x00007fff015a0000 - 0x00007fff016b8000 	C:\WINDOWS\System32\RPCRT4.dll
0x00007fff01ef0000 - 0x00007fff01f64000 	C:\WINDOWS\System32\WS2_32.dll
0x00007ffeff520000 - 0x00007ffeff57e000 	C:\WINDOWS\SYSTEM32\POWRPROF.dll
0x00007ffef89c0000 - 0x00007ffef89cb000 	C:\WINDOWS\SYSTEM32\VERSION.dll
0x00007ffef5d10000 - 0x00007ffef5d45000 	C:\WINDOWS\SYSTEM32\WINMM.dll
0x00007ffeff500000 - 0x00007ffeff514000 	C:\WINDOWS\SYSTEM32\UMPDC.dll
0x00007ffefe410000 - 0x00007ffefe42b000 	C:\WINDOWS\SYSTEM32\kernel.appcore.dll
0x00007ffee7640000 - 0x00007ffee764a000 	c:\Users\MSI20\.vscode\extensions\redhat.java-1.53.0-win32-x64\jre\21.0.10-win32-x86_64\bin\jimage.dll
0x00007ffefd600000 - 0x00007ffefd842000 	C:\WINDOWS\SYSTEM32\DBGHELP.DLL
0x00007fff020c0000 - 0x00007fff02442000 	C:\WINDOWS\System32\combase.dll
0x00007fff01230000 - 0x00007fff01307000 	C:\WINDOWS\System32\OLEAUT32.dll
0x00007ffeef030000 - 0x00007ffeef06b000 	C:\WINDOWS\SYSTEM32\dbgcore.DLL
0x00007ffeffe90000 - 0x00007ffefff35000 	C:\WINDOWS\System32\bcryptPrimitives.dll
0x00007ffee2600000 - 0x00007ffee260f000 	c:\Users\MSI20\.vscode\extensions\redhat.java-1.53.0-win32-x64\jre\21.0.10-win32-x86_64\bin\instrument.dll
0x00007ffecf160000 - 0x00007ffecf180000 	c:\Users\MSI20\.vscode\extensions\redhat.java-1.53.0-win32-x64\jre\21.0.10-win32-x86_64\bin\java.dll
0x00007fff01780000 - 0x00007fff01edf000 	C:\WINDOWS\System32\SHELL32.dll
0x00007ffeffd20000 - 0x00007ffeffe8a000 	C:\WINDOWS\System32\wintypes.dll
0x00007fff00090000 - 0x00007fff008f4000 	C:\WINDOWS\System32\windows.storage.dll
0x00007fff02a30000 - 0x00007fff02b27000 	C:\WINDOWS\System32\SHCORE.dll
0x00007fff02450000 - 0x00007fff024b7000 	C:\WINDOWS\System32\shlwapi.dll
0x00007ffeff5e0000 - 0x00007ffeff609000 	C:\WINDOWS\SYSTEM32\profapi.dll
0x00007ffecc530000 - 0x00007ffecc548000 	c:\Users\MSI20\.vscode\extensions\redhat.java-1.53.0-win32-x64\jre\21.0.10-win32-x86_64\bin\zip.dll
0x00007ffee0900000 - 0x00007ffee0910000 	C:\Users\MSI20\.vscode\extensions\redhat.java-1.53.0-win32-x64\jre\21.0.10-win32-x86_64\bin\net.dll
0x00007ffef7b40000 - 0x00007ffef7c67000 	C:\WINDOWS\SYSTEM32\WINHTTP.dll
0x00007ffefe960000 - 0x00007ffefe9cb000 	C:\WINDOWS\system32\mswsock.dll
0x00007ffec4d50000 - 0x00007ffec4d66000 	C:\Users\MSI20\.vscode\extensions\redhat.java-1.53.0-win32-x64\jre\21.0.10-win32-x86_64\bin\nio.dll
0x00007ffed2b20000 - 0x00007ffed2b30000 	c:\Users\MSI20\.vscode\extensions\redhat.java-1.53.0-win32-x64\jre\21.0.10-win32-x86_64\bin\verify.dll
0x00007ffec4ae0000 - 0x00007ffec4b25000 	C:\Users\MSI20\AppData\Roaming\Code\User\globalStorage\redhat.java\1.53.0\config_win\org.eclipse.equinox.launcher\org.eclipse.equinox.launcher.win32.win32.x86_64_1.3.0.v20260203-2149\eclipse_11919.dll
0x00007fff01400000 - 0x00007fff01595000 	C:\WINDOWS\System32\ole32.dll
0x00007ffefed60000 - 0x00007ffefed7b000 	C:\WINDOWS\SYSTEM32\CRYPTSP.dll
0x00007ffefe370000 - 0x00007ffefe3a9000 	C:\WINDOWS\system32\rsaenh.dll
0x00007ffefea10000 - 0x00007ffefea42000 	C:\WINDOWS\SYSTEM32\USERENV.dll
0x00007ffeff5b0000 - 0x00007ffeff5da000 	C:\WINDOWS\SYSTEM32\bcrypt.dll
0x00007ffefebc0000 - 0x00007ffefebcc000 	C:\WINDOWS\SYSTEM32\CRYPTBASE.dll
0x00007ffefde50000 - 0x00007ffefde83000 	C:\WINDOWS\SYSTEM32\IPHLPAPI.DLL
0x00007fff00b80000 - 0x00007fff00b8a000 	C:\WINDOWS\System32\NSI.dll
0x00007ffeac3d0000 - 0x00007ffeac419000 	C:\Users\MSI20\AppData\Local\Temp\jna-73655521\jna12727113215603876855.dll
0x00007fff01770000 - 0x00007fff01778000 	C:\WINDOWS\System32\PSAPI.DLL
0x00007ffef7680000 - 0x00007ffef769d000 	C:\WINDOWS\SYSTEM32\dhcpcsvc6.DLL
0x00007ffef7600000 - 0x00007ffef7623000 	C:\WINDOWS\SYSTEM32\dhcpcsvc.DLL

JVMTI agents:
c:\Users\MSI20\.vscode\extensions\redhat.java-1.53.0-win32-x64\lombok\lombok-1.18.39-4050.jar path:c:\Users\MSI20\.vscode\extensions\redhat.java-1.53.0-win32-x64\jre\21.0.10-win32-x86_64\bin\instrument.dll, loaded, initialized, instrumentlib options:none

dbghelp: loaded successfully - version: 4.0.5 - missing functions: none
symbol engine: initialized successfully - sym options: 0x614 - pdb path: .;c:\Users\MSI20\.vscode\extensions\redhat.java-1.53.0-win32-x64\jre\21.0.10-win32-x86_64\bin;C:\WINDOWS\SYSTEM32;C:\Program Files\Avast Software\Avast;C:\WINDOWS\WinSxS\amd64_microsoft.windows.common-controls_6595b64144ccf1df_6.0.26100.8037_none_3e092faae333b53b;c:\Users\MSI20\.vscode\extensions\redhat.java-1.53.0-win32-x64\jre\21.0.10-win32-x86_64\bin\server;C:\Users\MSI20\AppData\Roaming\Code\User\globalStorage\redhat.java\1.53.0\config_win\org.eclipse.equinox.launcher\org.eclipse.equinox.launcher.win32.win32.x86_64_1.3.0.v20260203-2149;C:\Users\MSI20\AppData\Local\Temp\jna-73655521

VM Arguments:
jvm_args: --add-modules=ALL-SYSTEM --add-opens=java.base/java.util=ALL-UNNAMED --add-opens=java.base/java.lang=ALL-UNNAMED --add-opens=java.base/sun.nio.fs=ALL-UNNAMED -Declipse.application=org.eclipse.jdt.ls.core.id1 -Dosgi.bundles.defaultStartLevel=4 -Declipse.product=org.eclipse.jdt.ls.core.product -Djava.import.generatesMetadataFilesAtProjectRoot=false -DDetectVMInstallationsJob.disabled=true -Dfile.encoding=utf8 -XX:+UseParallelGC -XX:GCTimeRatio=4 -XX:AdaptiveSizePolicyWeight=90 -Dsun.zip.disableMemoryMapping=true -Xmx2G -Xms100m -Xlog:disable -javaagent:c:\Users\MSI20\.vscode\extensions\redhat.java-1.53.0-win32-x64\lombok\lombok-1.18.39-4050.jar -XX:+HeapDumpOnOutOfMemoryError -XX:HeapDumpPath=c:\Users\MSI20\AppData\Roaming\Code\User\workspaceStorage\0ec9ea45e2989f148f0fc5d08dbc5da3\redhat.java -Daether.dependencyCollector.impl=bf 
java_command: c:\Users\MSI20\.vscode\extensions\redhat.java-1.53.0-win32-x64\server\plugins\org.eclipse.equinox.launcher_1.7.100.v20251111-0406.jar -configuration c:\Users\MSI20\AppData\Roaming\Code\User\globalStorage\redhat.java\1.53.0\config_win -data c:\Users\MSI20\AppData\Roaming\Code\User\workspaceStorage\0ec9ea45e2989f148f0fc5d08dbc5da3\redhat.java\jdt_ws --pipe=\\.\pipe\lsp-009edbe47373bcea36b5fa8558b2f19c-sock
java_class_path (initial): c:\Users\MSI20\.vscode\extensions\redhat.java-1.53.0-win32-x64\server\plugins\org.eclipse.equinox.launcher_1.7.100.v20251111-0406.jar
Launcher Type: SUN_STANDARD

[Global flags]
    uintx AdaptiveSizePolicyWeight                 = 90                                        {product} {command line}
     intx CICompilerCount                          = 4                                         {product} {ergonomic}
    uintx GCTimeRatio                              = 4                                         {product} {command line}
     bool HeapDumpOnOutOfMemoryError               = true                                   {manageable} {command line}
    ccstr HeapDumpPath                             = c:\Users\MSI20\AppData\Roaming\Code\User\workspaceStorage\0ec9ea45e2989f148f0fc5d08dbc5da3\redhat.java         {manageable} {command line}
   size_t InitialHeapSize                          = 104857600                                 {product} {command line}
   size_t MaxHeapSize                              = 2147483648                                {product} {command line}
   size_t MaxNewSize                               = 715653120                                 {product} {ergonomic}
   size_t MinHeapDeltaBytes                        = 524288                                    {product} {ergonomic}
   size_t MinHeapSize                              = 104857600                                 {product} {command line}
   size_t NewSize                                  = 34603008                                  {product} {ergonomic}
    uintx NonNMethodCodeHeapSize                   = 5839372                                {pd product} {ergonomic}
    uintx NonProfiledCodeHeapSize                  = 122909434                              {pd product} {ergonomic}
   size_t OldSize                                  = 70254592                                  {product} {ergonomic}
    uintx ProfiledCodeHeapSize                     = 122909434                              {pd product} {ergonomic}
    uintx ReservedCodeCacheSize                    = 251658240                              {pd product} {ergonomic}
     bool SegmentedCodeCache                       = true                                      {product} {ergonomic}
   size_t SoftMaxHeapSize                          = 2147483648                             {manageable} {ergonomic}
     bool UseCompressedOops                        = true                           {product lp64_product} {ergonomic}
     bool UseLargePagesIndividualAllocation        = false                                  {pd product} {ergonomic}
     bool UseParallelGC                            = true                                      {product} {command line}

Logging:
Log output configuration:
 #0: stdout all=off uptime,level,tags foldmultilines=false
 #1: stderr all=off uptime,level,tags foldmultilines=false

Release file:
JAVA_VERSION="21.0.10" 
MODULES="java.base java.compiler java.datatransfer java.xml java.prefs java.desktop java.instrument java.logging java.management java.security.sasl java.naming java.rmi java.management.rmi java.net.http java.scripting java.security.jgss java.transaction.xa java.sql java.sql.rowset java.xml.crypto java.se java.smartcardio jdk.accessibility jdk.internal.jvmstat jdk.attach jdk.charsets jdk.internal.opt jdk.zipfs jdk.compiler jdk.crypto.ec jdk.crypto.cryptoki jdk.crypto.mscapi jdk.dynalink jdk.internal.ed jdk.editpad jdk.hotspot.agent jdk.httpserver jdk.internal.le jdk.internal.vm.ci jdk.internal.vm.compiler jdk.internal.vm.compiler.management jdk.jartool jdk.javadoc jdk.jcmd jdk.management jdk.management.agent jdk.jconsole jdk.jdeps jdk.jdwp.agent jdk.jdi jdk.jfr jdk.jshell jdk.jsobject jdk.jstatd jdk.localedata jdk.management.jfr jdk.naming.dns jdk.naming.rmi jdk.net jdk.nio.mapmode jdk.random jdk.sctp jdk.security.auth jdk.security.jgss jdk.unsupported jdk.unsupported.desktop jdk.xml.dom" 

Environment Variables:
JAVA_HOME=C:\Program Files\Java\jdk-21
PATH=C:\Users\MSI20\AppData\Local\Programs\Microsoft VS Code;C:\Program Files\Java\jdk-21\bin;C:\Program Files\Python312\;C:\WINDOWS\system32;C:\WINDOWS;C:\WINDOWS\System32\Wbem;C:\WINDOWS\System32\WindowsPowerShell\v1.0\;C:\WINDOWS\System32\OpenSSH\;C:\Program Files\Microsoft SQL Server\150\Tools\Binn\;C:\Program Files\Microsoft SQL Server\Client SDK\ODBC\170\Tools\Binn\;C:\MinGW\bin;C:\Program Files\MySQL\MySQL Server 8.0\bin;C:\ProgramData\chocolatey\bin;C:\Users\MSI20\flutter\flutter_windows_3.24.0-stable\flutter\bin;C:\Program Files\Git\cmd;C:\Users\MSI20\vcpkg\installed\x64-windows\bin;C:\Program Files\nodejs\;C:\Program Files\Python312\Scripts;C:\Program Files (x86)\Microsoft SQL Server\160\Tools\Binn\;C:\Program Files\Microsoft SQL Server\160\Tools\Binn\;C:\Program Files\Microsoft SQL Server\160\DTS\Binn\;C:\Cassandra\apache-cassandra-3.11.16\bin;C:\mongodb\mongosh-2.2.5-win32-x64\bin;C:\Program Files\Python312;C:\Users\MSI20\anaconda3\Scripts;C:\Program Files\Apache\Maven\apache-maven-3.9.8\bin;C:\Program Files\Git LFS;C:\Users\MSI20\AppData\Roaming\Python\Python312\Scripts;C:\Program Files\dotnet\;C:\Program Files\Ballerina\\bin;C:\Program Files\Java\jdk-17\bin;C:\Users\MSI20\anaconda3;C:\Program Files\Microchip\xc8\v2.50\bin;C:\Program Files (x86)\Microchip\MPLAB C32 Suite\bin;C:\Program Files\Docker\Docker\resources\bin;C:\Program Files\PuTTY\;C:\terraform_1.11.3_windows_386;C:\terraform_1.11.3_windows_386\;C:\Program Files (x86)\Windows Kits\10\Windows Performance Toolkit\;C:\Program Files\Blender Foundation\Blender 5.0;C:\Strawberry\c\bin;C:\Strawberry\perl\site\bin;C:\Strawberry\perl\bin;C:\Program Files\NVIDIA Corporation\NVIDIA App\NvDLISR;C:\Program Files (x86)\NVIDIA Corporation\PhysX\Common;C:\Users\MSI20\.console-ninja\.bin;C:\Program Files\MySQL\MySQL Shell 8.0\bin\;C:\Users\MSI20\AppData\Local\Microsoft\WindowsApps;C:\Users\MSI20\AppData\Local\Programs\Microsoft VS Code\bin;C:\Program Files\JetBrains\IntelliJ IDEA Community Edition 2023.2.3\bin;C:\Program Files\JetBrains\PyCharm Community Edition 2023.3.3\bin;C:\Users\MSI20\AppData\Roaming\npm;C:\Users\MSI20\.dotnet\tools;C:\Program Files\JetBrains\IntelliJ IDEA 2024.2.0.2\bin;C:\Users\MSI20\.dotnet\tools;C:\Users\MSI20\AppData\Local\Pub\Cache\bin;C:\Users\MSI20\AppData\Local\Microsoft\WindowsApps;C:\Users\MSI20\AppData\Local\Programs\MiKTeX\miktex\bin\x64;C:\Users\MSI20\AppData\Local\Programs\Antigravity\bin
USERNAME=MSI20
OS=Windows_NT
PROCESSOR_IDENTIFIER=Intel64 Family 6 Model 141 Stepping 1, GenuineIntel
TMP=C:\Users\MSI20\AppData\Local\Temp
TEMP=C:\Users\MSI20\AppData\Local\Temp




Periodic native trim disabled

---------------  S Y S T E M  ---------------

OS:
 Windows 11 , 64 bit Build 26100 (10.0.26100.7920)
OS uptime: 2 days 1:49 hours
Hyper-V role detected

CPU: total 12 (initial active 12) (6 cores per cpu, 2 threads per core) family 6 model 141 stepping 1 microcode 0x34, cx8, cmov, fxsr, ht, mmx, 3dnowpref, sse, sse2, sse3, ssse3, sse4.1, sse4.2, popcnt, lzcnt, tsc, tscinvbit, avx, avx2, aes, erms, clmul, bmi1, bmi2, adx, avx512f, avx512dq, avx512cd, avx512bw, avx512vl, sha, fma, vzeroupper, avx512_vpopcntdq, avx512_vpclmulqdq, avx512_vaes, avx512_vnni, clflush, clflushopt, clwb, avx512_vbmi2, avx512_vbmi, hv, rdtscp, rdpid, fsrm, gfni, avx512_bitalg, f16c, cet_ibt, cet_ss, avx512_ifma
Processor Information for the first 12 processors :
  Max Mhz: 2688, Current Mhz: 2688, Mhz Limit: 2688

Memory: 4k page, system-wide physical 7893M (832M free)
TotalPageFile size 32469M (AvailPageFile size 9M)
current process WorkingSet (physical memory assigned to process): 440M, peak: 506M
current process commit charge ("private bytes"): 1522M, peak: 1527M

vm_info: OpenJDK 64-Bit Server VM (21.0.10+7-LTS) for windows-amd64 JRE (21.0.10+7-LTS), built on 2026-01-20T00:00:00Z by "admin" with MS VC++ 17.12 (VS2022)

END.
